// Jest Snapshot v1, https://goo.gl/fbAQLP

exports[`v renders correctly 1`] = `
<div
  class="book-detail row"
>
  <i
    class="fas fa-times"
  />
   
  <div
    class="image-holder col-sm-4"
  >
    <img
      alt=""
      class="image"
      src="http://books.google.com/books/content?id=antycYtRXOUC&printsec=frontcover&img=1&zoom=1&edge=curl&source=gbs_api"
    />
     
    <p
      class="notes"
    >
      Random House Digital, Inc.  2007
    </p>
     
    <p
      class="notes"
    >
      370 pages
    </p>
     
    <star-rating-stub
      activecolor="#ffd055"
      bordercolor="#999"
      borderwidth="0"
      class="stars"
      fixedpoints="2"
      glow="0"
      glowcolor="#fff"
      inactivecolor="#d8d8d8"
      increment="1"
      maxrating="5"
      padding="0"
      rating="2.5"
      readonly="true"
      roundstartrating="true"
      showrating="true"
      starpoints=""
      starsize="20"
      textclass=""
    />
     
    <p
      class="notes"
    >
      avg of 4 ratings
    </p>
  </div>
   
  <div
    class="col-sm-8"
  >
    <h4
      class="title"
    >
      California
    </h4>
     
    <h5
      class="authors"
    >
      Kevin Starr
    </h5>
     
    <p
      class="text"
    >
      A definitive, single-volume history of the Golden State ranges from the earliest Native American cultures, through the Spanish and Mexican eras, the Gold Rush, and rise of Hollywood, to the twenty-first century, chronicling the events, places, and personalities that have shaped California. Reprint. 15,000 first printing.
    </p>
     
    <div>
      <!---->
    </div>
     
    <div
      class="add-item row"
    >
      <i
        class="fas fa-plus-circle"
      />
       
      <p
        class="add"
      >
        add to list
      </p>
    </div>
     
    <!---->
     
    <hr />
  </div>
</div>
`;
