// Jest Snapshot v1, https://goo.gl/fbAQLP

exports[`Search renders correctly 1`] = `
<div
  id="search"
>
  <p
    class="subtitle"
  >
    What do you feel like reading?
  </p>
   
  <div
    id="input-holder"
  >
    <input
      id="search-input"
      placeholder="book, author, subject, keyword"
      type="text"
    />
     
    <img
      alt="search"
      id="search-icon"
      src="../assets/search.png"
    />
  </div>
   
  <!---->
   
  <div
    class="results row"
  />
   
  <p
    class="subtitle"
    id="reading-list"
  >
    Your Reading List
  </p>
   
  <p
    class="list-intro"
  >
    
    Your list is empty! Search for some books from Google, add them to your
    list, and they will appear here. Once you have a list of books, drag the books
    to sort them, or make use of the sort buttons. You can remove books you no longer
    want.
  
  </p>
   
  <div
    class="results row"
  />
   
  <!---->
</div>
`;
